Component: ARM Compiler 5.06 update 5 (build 528) Tool: armlink [4d35e2]

==============================================================================

Section Cross References

    main.o(i.main) refers to board.o(i.board_init) for board_init
    main.o(i.main) refers to delay.o(i.delay_ms) for delay_ms
    main.o(i.main) refers to emm_v5.o(i.Emm_V5_Pos_Control) for Emm_V5_Pos_Control
    main.o(i.main) refers to usart.o(.data) for rxFrameFlag
    emm_v5.o(i.Emm_V5_Auto_Return_Sys_Params_Timed) refers to usart.o(i.usart_SendCmd) for usart_SendCmd
    emm_v5.o(i.Emm_V5_Auto_Return_Sys_Params_Timed) refers to emm_v5.o(.bss) for cmd
    emm_v5.o(i.Emm_V5_En_Control) refers to usart.o(i.usart_SendCmd) for usart_SendCmd
    emm_v5.o(i.Emm_V5_En_Control) refers to emm_v5.o(.bss) for cmd
    emm_v5.o(i.Emm_V5_MMCL_Auto_Return_Sys_Params_Timed) refers to emm_v5.o(.bss) for MMCL_cmd
    emm_v5.o(i.Emm_V5_MMCL_Auto_Return_Sys_Params_Timed) refers to emm_v5.o(.data) for MMCL_count
    emm_v5.o(i.Emm_V5_MMCL_En_Control) refers to emm_v5.o(.bss) for MMCL_cmd
    emm_v5.o(i.Emm_V5_MMCL_En_Control) refers to emm_v5.o(.data) for MMCL_count
    emm_v5.o(i.Emm_V5_MMCL_Origin_Interrupt) refers to emm_v5.o(.bss) for MMCL_cmd
    emm_v5.o(i.Emm_V5_MMCL_Origin_Interrupt) refers to emm_v5.o(.data) for MMCL_count
    emm_v5.o(i.Emm_V5_MMCL_Origin_Modify_Params) refers to memseta.o(.text) for __aeabi_memclr4
    emm_v5.o(i.Emm_V5_MMCL_Origin_Modify_Params) refers to emm_v5.o(.bss) for MMCL_cmd
    emm_v5.o(i.Emm_V5_MMCL_Origin_Modify_Params) refers to emm_v5.o(.data) for MMCL_count
    emm_v5.o(i.Emm_V5_MMCL_Origin_Set_O) refers to emm_v5.o(.bss) for MMCL_cmd
    emm_v5.o(i.Emm_V5_MMCL_Origin_Set_O) refers to emm_v5.o(.data) for MMCL_count
    emm_v5.o(i.Emm_V5_MMCL_Origin_Trigger_Return) refers to emm_v5.o(.bss) for MMCL_cmd
    emm_v5.o(i.Emm_V5_MMCL_Origin_Trigger_Return) refers to emm_v5.o(.data) for MMCL_count
    emm_v5.o(i.Emm_V5_MMCL_Pos_Control) refers to emm_v5.o(.bss) for MMCL_cmd
    emm_v5.o(i.Emm_V5_MMCL_Pos_Control) refers to emm_v5.o(.data) for MMCL_count
    emm_v5.o(i.Emm_V5_MMCL_QPos_Control) refers to emm_v5.o(.bss) for MMCL_cmd
    emm_v5.o(i.Emm_V5_MMCL_QPos_Control) refers to emm_v5.o(.data) for MMCL_count
    emm_v5.o(i.Emm_V5_MMCL_Read_Sys_Params) refers to emm_v5.o(.bss) for MMCL_cmd
    emm_v5.o(i.Emm_V5_MMCL_Read_Sys_Params) refers to emm_v5.o(.data) for MMCL_count
    emm_v5.o(i.Emm_V5_MMCL_Reset_Clog_Pro) refers to emm_v5.o(.bss) for MMCL_cmd
    emm_v5.o(i.Emm_V5_MMCL_Reset_Clog_Pro) refers to emm_v5.o(.data) for MMCL_count
    emm_v5.o(i.Emm_V5_MMCL_Reset_CurPos_To_Zero) refers to emm_v5.o(.bss) for MMCL_cmd
    emm_v5.o(i.Emm_V5_MMCL_Reset_CurPos_To_Zero) refers to emm_v5.o(.data) for MMCL_count
    emm_v5.o(i.Emm_V5_MMCL_Reset_Motor) refers to emm_v5.o(.bss) for MMCL_cmd
    emm_v5.o(i.Emm_V5_MMCL_Reset_Motor) refers to emm_v5.o(.data) for MMCL_count
    emm_v5.o(i.Emm_V5_MMCL_Restore_Motor) refers to emm_v5.o(.bss) for MMCL_cmd
    emm_v5.o(i.Emm_V5_MMCL_Restore_Motor) refers to emm_v5.o(.data) for MMCL_count
    emm_v5.o(i.Emm_V5_MMCL_Set_QPos_Params) refers to emm_v5.o(.bss) for MMCL_cmd
    emm_v5.o(i.Emm_V5_MMCL_Set_QPos_Params) refers to emm_v5.o(.data) for MMCL_count
    emm_v5.o(i.Emm_V5_MMCL_Stop_Now) refers to emm_v5.o(.bss) for MMCL_cmd
    emm_v5.o(i.Emm_V5_MMCL_Stop_Now) refers to emm_v5.o(.data) for MMCL_count
    emm_v5.o(i.Emm_V5_MMCL_Synchronous_motion) refers to emm_v5.o(.bss) for MMCL_cmd
    emm_v5.o(i.Emm_V5_MMCL_Synchronous_motion) refers to emm_v5.o(.data) for MMCL_count
    emm_v5.o(i.Emm_V5_MMCL_Trig_Encoder_Cal) refers to emm_v5.o(.bss) for MMCL_cmd
    emm_v5.o(i.Emm_V5_MMCL_Trig_Encoder_Cal) refers to emm_v5.o(.data) for MMCL_count
    emm_v5.o(i.Emm_V5_MMCL_Vel_Control) refers to emm_v5.o(.bss) for MMCL_cmd
    emm_v5.o(i.Emm_V5_MMCL_Vel_Control) refers to emm_v5.o(.data) for MMCL_count
    emm_v5.o(i.Emm_V5_Modify_Ctrl_Mode) refers to usart.o(i.usart_SendCmd) for usart_SendCmd
    emm_v5.o(i.Emm_V5_Modify_Ctrl_Mode) refers to emm_v5.o(.bss) for cmd
    emm_v5.o(i.Emm_V5_Modify_DMX512_Params) refers to usart.o(i.usart_SendCmd) for usart_SendCmd
    emm_v5.o(i.Emm_V5_Modify_DMX512_Params) refers to emm_v5.o(.bss) for cmd
    emm_v5.o(i.Emm_V5_Modify_FOC_mA) refers to usart.o(i.usart_SendCmd) for usart_SendCmd
    emm_v5.o(i.Emm_V5_Modify_FOC_mA) refers to emm_v5.o(.bss) for cmd
    emm_v5.o(i.Emm_V5_Modify_Firmware_Type) refers to usart.o(i.usart_SendCmd) for usart_SendCmd
    emm_v5.o(i.Emm_V5_Modify_Firmware_Type) refers to emm_v5.o(.bss) for cmd
    emm_v5.o(i.Emm_V5_Modify_Heart_Protect) refers to usart.o(i.usart_SendCmd) for usart_SendCmd
    emm_v5.o(i.Emm_V5_Modify_Heart_Protect) refers to emm_v5.o(.bss) for cmd
    emm_v5.o(i.Emm_V5_Modify_Integral_Limit) refers to usart.o(i.usart_SendCmd) for usart_SendCmd
    emm_v5.o(i.Emm_V5_Modify_Integral_Limit) refers to emm_v5.o(.bss) for cmd
    emm_v5.o(i.Emm_V5_Modify_Lock_Btn) refers to usart.o(i.usart_SendCmd) for usart_SendCmd
    emm_v5.o(i.Emm_V5_Modify_Lock_Btn) refers to emm_v5.o(.bss) for cmd
    emm_v5.o(i.Emm_V5_Modify_MicroStep) refers to usart.o(i.usart_SendCmd) for usart_SendCmd
    emm_v5.o(i.Emm_V5_Modify_MicroStep) refers to emm_v5.o(.bss) for cmd
    emm_v5.o(i.Emm_V5_Modify_Motor_Dir) refers to usart.o(i.usart_SendCmd) for usart_SendCmd
    emm_v5.o(i.Emm_V5_Modify_Motor_Dir) refers to emm_v5.o(.bss) for cmd
    emm_v5.o(i.Emm_V5_Modify_Motor_ID) refers to usart.o(i.usart_SendCmd) for usart_SendCmd
    emm_v5.o(i.Emm_V5_Modify_Motor_ID) refers to emm_v5.o(.bss) for cmd
    emm_v5.o(i.Emm_V5_Modify_Motor_Type) refers to usart.o(i.usart_SendCmd) for usart_SendCmd
    emm_v5.o(i.Emm_V5_Modify_Motor_Type) refers to emm_v5.o(.bss) for cmd
    emm_v5.o(i.Emm_V5_Modify_OM_mA) refers to usart.o(i.usart_SendCmd) for usart_SendCmd
    emm_v5.o(i.Emm_V5_Modify_OM_mA) refers to emm_v5.o(.bss) for cmd
    emm_v5.o(i.Emm_V5_Modify_Otocp) refers to usart.o(i.usart_SendCmd) for usart_SendCmd
    emm_v5.o(i.Emm_V5_Modify_Otocp) refers to emm_v5.o(.bss) for cmd
    emm_v5.o(i.Emm_V5_Modify_PDFlag) refers to usart.o(i.usart_SendCmd) for usart_SendCmd
    emm_v5.o(i.Emm_V5_Modify_PDFlag) refers to emm_v5.o(.bss) for cmd
    emm_v5.o(i.Emm_V5_Modify_PID_Params) refers to usart.o(i.usart_SendCmd) for usart_SendCmd
    emm_v5.o(i.Emm_V5_Modify_PID_Params) refers to emm_v5.o(.bss) for cmd
    emm_v5.o(i.Emm_V5_Modify_Pos_Window) refers to usart.o(i.usart_SendCmd) for usart_SendCmd
    emm_v5.o(i.Emm_V5_Modify_Pos_Window) refers to emm_v5.o(.bss) for cmd
    emm_v5.o(i.Emm_V5_Modify_S_Vel) refers to usart.o(i.usart_SendCmd) for usart_SendCmd
    emm_v5.o(i.Emm_V5_Modify_S_Vel) refers to emm_v5.o(.bss) for cmd
    emm_v5.o(i.Emm_V5_Multi_Motor_Cmd) refers to usart.o(i.usart_SendCmd) for usart_SendCmd
    emm_v5.o(i.Emm_V5_Multi_Motor_Cmd) refers to emm_v5.o(.data) for MMCL_count
    emm_v5.o(i.Emm_V5_Multi_Motor_Cmd) refers to emm_v5.o(.bss) for cmd
    emm_v5.o(i.Emm_V5_Origin_Interrupt) refers to usart.o(i.usart_SendCmd) for usart_SendCmd
    emm_v5.o(i.Emm_V5_Origin_Interrupt) refers to emm_v5.o(.bss) for cmd
    emm_v5.o(i.Emm_V5_Origin_Modify_Params) refers to usart.o(i.usart_SendCmd) for usart_SendCmd
    emm_v5.o(i.Emm_V5_Origin_Modify_Params) refers to emm_v5.o(.bss) for cmd
    emm_v5.o(i.Emm_V5_Origin_Read_Params) refers to usart.o(i.usart_SendCmd) for usart_SendCmd
    emm_v5.o(i.Emm_V5_Origin_Read_Params) refers to emm_v5.o(.bss) for cmd
    emm_v5.o(i.Emm_V5_Origin_Set_O) refers to usart.o(i.usart_SendCmd) for usart_SendCmd
    emm_v5.o(i.Emm_V5_Origin_Set_O) refers to emm_v5.o(.bss) for cmd
    emm_v5.o(i.Emm_V5_Origin_Trigger_Return) refers to usart.o(i.usart_SendCmd) for usart_SendCmd
    emm_v5.o(i.Emm_V5_Origin_Trigger_Return) refers to emm_v5.o(.bss) for cmd
    emm_v5.o(i.Emm_V5_Pos_Control) refers to usart.o(i.usart_SendCmd) for usart_SendCmd
    emm_v5.o(i.Emm_V5_Pos_Control) refers to emm_v5.o(.bss) for cmd
    emm_v5.o(i.Emm_V5_QPos_Control) refers to usart.o(i.usart_SendCmd) for usart_SendCmd
    emm_v5.o(i.Emm_V5_QPos_Control) refers to emm_v5.o(.bss) for cmd
    emm_v5.o(i.Emm_V5_Read_DMX512_Params) refers to usart.o(i.usart_SendCmd) for usart_SendCmd
    emm_v5.o(i.Emm_V5_Read_DMX512_Params) refers to emm_v5.o(.bss) for cmd
    emm_v5.o(i.Emm_V5_Read_Heart_Protect) refers to usart.o(i.usart_SendCmd) for usart_SendCmd
    emm_v5.o(i.Emm_V5_Read_Heart_Protect) refers to emm_v5.o(.bss) for cmd
    emm_v5.o(i.Emm_V5_Read_Integral_Limit) refers to usart.o(i.usart_SendCmd) for usart_SendCmd
    emm_v5.o(i.Emm_V5_Read_Integral_Limit) refers to emm_v5.o(.bss) for cmd
    emm_v5.o(i.Emm_V5_Read_Motor_Conf_Params) refers to usart.o(i.usart_SendCmd) for usart_SendCmd
    emm_v5.o(i.Emm_V5_Read_Motor_Conf_Params) refers to emm_v5.o(.bss) for cmd
    emm_v5.o(i.Emm_V5_Read_Opt_Param_Sta) refers to usart.o(i.usart_SendCmd) for usart_SendCmd
    emm_v5.o(i.Emm_V5_Read_Opt_Param_Sta) refers to emm_v5.o(.bss) for cmd
    emm_v5.o(i.Emm_V5_Read_Otocp) refers to usart.o(i.usart_SendCmd) for usart_SendCmd
    emm_v5.o(i.Emm_V5_Read_Otocp) refers to emm_v5.o(.bss) for cmd
    emm_v5.o(i.Emm_V5_Read_PID_Params) refers to usart.o(i.usart_SendCmd) for usart_SendCmd
    emm_v5.o(i.Emm_V5_Read_PID_Params) refers to emm_v5.o(.bss) for cmd
    emm_v5.o(i.Emm_V5_Read_Pos_Window) refers to usart.o(i.usart_SendCmd) for usart_SendCmd
    emm_v5.o(i.Emm_V5_Read_Pos_Window) refers to emm_v5.o(.bss) for cmd
    emm_v5.o(i.Emm_V5_Read_Sys_Params) refers to usart.o(i.usart_SendCmd) for usart_SendCmd
    emm_v5.o(i.Emm_V5_Read_Sys_Params) refers to emm_v5.o(.bss) for cmd
    emm_v5.o(i.Emm_V5_Read_System_State_Params) refers to usart.o(i.usart_SendCmd) for usart_SendCmd
    emm_v5.o(i.Emm_V5_Read_System_State_Params) refers to emm_v5.o(.bss) for cmd
    emm_v5.o(i.Emm_V5_Reset_Clog_Pro) refers to usart.o(i.usart_SendCmd) for usart_SendCmd
    emm_v5.o(i.Emm_V5_Reset_Clog_Pro) refers to emm_v5.o(.bss) for cmd
    emm_v5.o(i.Emm_V5_Reset_CurPos_To_Zero) refers to usart.o(i.usart_SendCmd) for usart_SendCmd
    emm_v5.o(i.Emm_V5_Reset_CurPos_To_Zero) refers to emm_v5.o(.bss) for cmd
    emm_v5.o(i.Emm_V5_Reset_Motor) refers to usart.o(i.usart_SendCmd) for usart_SendCmd
    emm_v5.o(i.Emm_V5_Reset_Motor) refers to emm_v5.o(.bss) for cmd
    emm_v5.o(i.Emm_V5_Restore_Motor) refers to usart.o(i.usart_SendCmd) for usart_SendCmd
    emm_v5.o(i.Emm_V5_Restore_Motor) refers to emm_v5.o(.bss) for cmd
    emm_v5.o(i.Emm_V5_Set_QPos_Params) refers to usart.o(i.usart_SendCmd) for usart_SendCmd
    emm_v5.o(i.Emm_V5_Set_QPos_Params) refers to emm_v5.o(.bss) for cmd
    emm_v5.o(i.Emm_V5_Stop_Now) refers to usart.o(i.usart_SendCmd) for usart_SendCmd
    emm_v5.o(i.Emm_V5_Stop_Now) refers to emm_v5.o(.bss) for cmd
    emm_v5.o(i.Emm_V5_Synchronous_motion) refers to usart.o(i.usart_SendCmd) for usart_SendCmd
    emm_v5.o(i.Emm_V5_Synchronous_motion) refers to emm_v5.o(.bss) for cmd
    emm_v5.o(i.Emm_V5_Trig_Encoder_Cal) refers to usart.o(i.usart_SendCmd) for usart_SendCmd
    emm_v5.o(i.Emm_V5_Trig_Encoder_Cal) refers to emm_v5.o(.bss) for cmd
    emm_v5.o(i.Emm_V5_Vel_Control) refers to usart.o(i.usart_SendCmd) for usart_SendCmd
    emm_v5.o(i.Emm_V5_Vel_Control) refers to emm_v5.o(.bss) for cmd
    emm_v5.o(i.X_V2_MMCL_Origin_Modify_SL_RP) refers to emm_v5.o(.bss) for cmd
    emm_v5.o(i.X_V2_MMCL_Origin_Modify_SL_RP) refers to emm_v5.o(.data) for MMCL_count
    emm_v5.o(i.X_V2_MMCL_Origin_Read_SL_RP) refers to emm_v5.o(.bss) for cmd
    emm_v5.o(i.X_V2_MMCL_Origin_Read_SL_RP) refers to emm_v5.o(.data) for MMCL_count
    emm_v5.o(i.X_V2_Origin_Modify_SL_RP) refers to usart.o(i.usart_SendCmd) for usart_SendCmd
    emm_v5.o(i.X_V2_Origin_Modify_SL_RP) refers to emm_v5.o(.bss) for cmd
    emm_v5.o(i.X_V2_Origin_Read_SL_RP) refers to usart.o(i.usart_SendCmd) for usart_SendCmd
    emm_v5.o(i.X_V2_Origin_Read_SL_RP) refers to emm_v5.o(.bss) for cmd
    usart.o(i.USART1_IRQHandler) refers to stm32f10x_usart.o(i.USART_GetITStatus) for USART_GetITStatus
    usart.o(i.USART1_IRQHandler) refers to fifo.o(i.fifo_enQueue) for fifo_enQueue
    usart.o(i.USART1_IRQHandler) refers to stm32f10x_usart.o(i.USART_ClearITPendingBit) for USART_ClearITPendingBit
    usart.o(i.USART1_IRQHandler) refers to fifo.o(i.fifo_queueLength) for fifo_queueLength
    usart.o(i.USART1_IRQHandler) refers to fifo.o(i.fifo_deQueue) for fifo_deQueue
    usart.o(i.USART1_IRQHandler) refers to usart.o(.data) for rxCount
    usart.o(i.USART1_IRQHandler) refers to usart.o(.bss) for rxCmd
    usart.o(i.usart_SendCmd) refers to usart.o(i.usart_SendByte) for usart_SendByte
    board.o(i.board_init) refers to board.o(i.nvic_init) for nvic_init
    board.o(i.board_init) refers to board.o(i.clock_init) for clock_init
    board.o(i.board_init) refers to board.o(i.usart_init) for usart_init
    board.o(i.clock_init) refers to stm32f10x_rcc.o(i.RCC_APB2PeriphClockCmd) for RCC_APB2PeriphClockCmd
    board.o(i.clock_init) refers to stm32f10x_gpio.o(i.GPIO_PinRemapConfig) for GPIO_PinRemapConfig
    board.o(i.nvic_init) refers to misc.o(i.NVIC_PriorityGroupConfig) for NVIC_PriorityGroupConfig
    board.o(i.nvic_init) refers to misc.o(i.NVIC_Init) for NVIC_Init
    board.o(i.usart_init) refers to stm32f10x_gpio.o(i.GPIO_Init) for GPIO_Init
    board.o(i.usart_init) refers to stm32f10x_usart.o(i.USART_Init) for USART_Init
    board.o(i.usart_init) refers to stm32f10x_usart.o(i.USART_ClearITPendingBit) for USART_ClearITPendingBit
    board.o(i.usart_init) refers to stm32f10x_usart.o(i.USART_ITConfig) for USART_ITConfig
    board.o(i.usart_init) refers to stm32f10x_usart.o(i.USART_Cmd) for USART_Cmd
    startup_stm32f10x_hd.o(RESET) refers to startup_stm32f10x_hd.o(STACK) for __initial_sp
    startup_stm32f10x_hd.o(RESET) refers to startup_stm32f10x_hd.o(.text) for Reset_Handler
    startup_stm32f10x_hd.o(RESET) refers to stm32f10x_it.o(i.NMI_Handler) for NMI_Handler
    startup_stm32f10x_hd.o(RESET) refers to stm32f10x_it.o(i.HardFault_Handler) for HardFault_Handler
    startup_stm32f10x_hd.o(RESET) refers to stm32f10x_it.o(i.MemManage_Handler) for MemManage_Handler
    startup_stm32f10x_hd.o(RESET) refers to stm32f10x_it.o(i.BusFault_Handler) for BusFault_Handler
    startup_stm32f10x_hd.o(RESET) refers to stm32f10x_it.o(i.UsageFault_Handler) for UsageFault_Handler
    startup_stm32f10x_hd.o(RESET) refers to stm32f10x_it.o(i.SVC_Handler) for SVC_Handler
    startup_stm32f10x_hd.o(RESET) refers to stm32f10x_it.o(i.DebugMon_Handler) for DebugMon_Handler
    startup_stm32f10x_hd.o(RESET) refers to stm32f10x_it.o(i.PendSV_Handler) for PendSV_Handler
    startup_stm32f10x_hd.o(RESET) refers to stm32f10x_it.o(i.SysTick_Handler) for SysTick_Handler
    startup_stm32f10x_hd.o(RESET) refers to usart.o(i.USART1_IRQHandler) for USART1_IRQHandler
    startup_stm32f10x_hd.o(.text) refers to system_stm32f10x.o(i.SystemInit) for SystemInit
    startup_stm32f10x_hd.o(.text) refers to entry.o(.ARM.Collect$$$$00000000) for __main
    system_stm32f10x.o(i.SetSysClock) refers to system_stm32f10x.o(i.SetSysClockTo72) for SetSysClockTo72
    system_stm32f10x.o(i.SystemCoreClockUpdate) refers to system_stm32f10x.o(.data) for SystemCoreClock
    system_stm32f10x.o(i.SystemInit) refers to system_stm32f10x.o(i.SetSysClock) for SetSysClock
    fifo.o(i.fifo_deQueue) refers to fifo.o(.bss) for rxFIFO
    fifo.o(i.fifo_enQueue) refers to fifo.o(.bss) for rxFIFO
    fifo.o(i.fifo_isEmpty) refers to fifo.o(.bss) for rxFIFO
    fifo.o(i.fifo_queueLength) refers to fifo.o(.bss) for rxFIFO
    fifo.o(i.initQueue) refers to fifo.o(.bss) for rxFIFO
    delay.o(i.delay_ms) refers to system_stm32f10x.o(.data) for SystemCoreClock
    stm32f10x_gpio.o(i.GPIO_AFIODeInit) refers to stm32f10x_rcc.o(i.RCC_APB2PeriphResetCmd) for RCC_APB2PeriphResetCmd
    stm32f10x_gpio.o(i.GPIO_DeInit) refers to stm32f10x_rcc.o(i.RCC_APB2PeriphResetCmd) for RCC_APB2PeriphResetCmd
    stm32f10x_rcc.o(i.RCC_GetClocksFreq) refers to stm32f10x_rcc.o(.data) for APBAHBPrescTable
    stm32f10x_rcc.o(i.RCC_WaitForHSEStartUp) refers to stm32f10x_rcc.o(i.RCC_GetFlagStatus) for RCC_GetFlagStatus
    stm32f10x_usart.o(i.USART_DeInit) refers to stm32f10x_rcc.o(i.RCC_APB2PeriphResetCmd) for RCC_APB2PeriphResetCmd
    stm32f10x_usart.o(i.USART_DeInit) refers to stm32f10x_rcc.o(i.RCC_APB1PeriphResetCmd) for RCC_APB1PeriphResetCmd
    stm32f10x_usart.o(i.USART_Init) refers to stm32f10x_rcc.o(i.RCC_GetClocksFreq) for RCC_GetClocksFreq
    entry.o(.ARM.Collect$$$$00000000) refers (Special) to entry10a.o(.ARM.Collect$$$$0000000D) for __rt_final_cpp
    entry.o(.ARM.Collect$$$$00000000) refers (Special) to entry11a.o(.ARM.Collect$$$$0000000F) for __rt_final_exit
    entry.o(.ARM.Collect$$$$00000000) refers (Special) to entry7b.o(.ARM.Collect$$$$00000008) for _main_clock
    entry.o(.ARM.Collect$$$$00000000) refers (Special) to entry8b.o(.ARM.Collect$$$$0000000A) for _main_cpp_init
    entry.o(.ARM.Collect$$$$00000000) refers (Special) to entry9a.o(.ARM.Collect$$$$0000000B) for _main_init
    entry.o(.ARM.Collect$$$$00000000) refers (Special) to entry5.o(.ARM.Collect$$$$00000004) for _main_scatterload
    entry.o(.ARM.Collect$$$$00000000) refers (Special) to entry2.o(.ARM.Collect$$$$00000001) for _main_stk
    entry2.o(.ARM.Collect$$$$00000001) refers to entry2.o(.ARM.Collect$$$$00002712) for __lit__00000000
    entry2.o(.ARM.Collect$$$$00002712) refers to startup_stm32f10x_hd.o(STACK) for __initial_sp
    entry2.o(__vectab_stack_and_reset_area) refers to startup_stm32f10x_hd.o(STACK) for __initial_sp
    entry2.o(__vectab_stack_and_reset_area) refers to entry.o(.ARM.Collect$$$$00000000) for __main
    entry5.o(.ARM.Collect$$$$00000004) refers to init.o(.text) for __scatterload
    entry9a.o(.ARM.Collect$$$$0000000B) refers to main.o(i.main) for main
    entry9b.o(.ARM.Collect$$$$0000000C) refers to main.o(i.main) for main
    init.o(.text) refers to entry5.o(.ARM.Collect$$$$00000004) for __main_after_scatterload


==============================================================================

Removing Unused input sections from the image.

    Removing emm_v5.o(i.Emm_V5_Auto_Return_Sys_Params_Timed), (324 bytes).
    Removing emm_v5.o(i.Emm_V5_En_Control), (48 bytes).
    Removing emm_v5.o(i.Emm_V5_MMCL_Auto_Return_Sys_Params_Timed), (368 bytes).
    Removing emm_v5.o(i.Emm_V5_MMCL_En_Control), (92 bytes).
    Removing emm_v5.o(i.Emm_V5_MMCL_Origin_Interrupt), (84 bytes).
    Removing emm_v5.o(i.Emm_V5_MMCL_Origin_Modify_Params), (212 bytes).
    Removing emm_v5.o(i.Emm_V5_MMCL_Origin_Set_O), (88 bytes).
    Removing emm_v5.o(i.Emm_V5_MMCL_Origin_Trigger_Return), (88 bytes).
    Removing emm_v5.o(i.Emm_V5_MMCL_Pos_Control), (184 bytes).
    Removing emm_v5.o(i.Emm_V5_MMCL_QPos_Control), (104 bytes).
    Removing emm_v5.o(i.Emm_V5_MMCL_Read_Sys_Params), (332 bytes).
    Removing emm_v5.o(i.Emm_V5_MMCL_Reset_Clog_Pro), (84 bytes).
    Removing emm_v5.o(i.Emm_V5_MMCL_Reset_CurPos_To_Zero), (84 bytes).
    Removing emm_v5.o(i.Emm_V5_MMCL_Reset_Motor), (84 bytes).
    Removing emm_v5.o(i.Emm_V5_MMCL_Restore_Motor), (84 bytes).
    Removing emm_v5.o(i.Emm_V5_MMCL_Set_QPos_Params), (108 bytes).
    Removing emm_v5.o(i.Emm_V5_MMCL_Stop_Now), (88 bytes).
    Removing emm_v5.o(i.Emm_V5_MMCL_Synchronous_motion), (84 bytes).
    Removing emm_v5.o(i.Emm_V5_MMCL_Trig_Encoder_Cal), (84 bytes).
    Removing emm_v5.o(i.Emm_V5_MMCL_Vel_Control), (108 bytes).
    Removing emm_v5.o(i.Emm_V5_Modify_Ctrl_Mode), (48 bytes).
    Removing emm_v5.o(i.Emm_V5_Modify_DMX512_Params), (120 bytes).
    Removing emm_v5.o(i.Emm_V5_Modify_FOC_mA), (52 bytes).
    Removing emm_v5.o(i.Emm_V5_Modify_Firmware_Type), (48 bytes).
    Removing emm_v5.o(i.Emm_V5_Modify_Heart_Protect), (60 bytes).
    Removing emm_v5.o(i.Emm_V5_Modify_Integral_Limit), (60 bytes).
    Removing emm_v5.o(i.Emm_V5_Modify_Lock_Btn), (48 bytes).
    Removing emm_v5.o(i.Emm_V5_Modify_MicroStep), (48 bytes).
    Removing emm_v5.o(i.Emm_V5_Modify_Motor_Dir), (48 bytes).
    Removing emm_v5.o(i.Emm_V5_Modify_Motor_ID), (48 bytes).
    Removing emm_v5.o(i.Emm_V5_Modify_Motor_Type), (60 bytes).
    Removing emm_v5.o(i.Emm_V5_Modify_OM_mA), (52 bytes).
    Removing emm_v5.o(i.Emm_V5_Modify_Otocp), (72 bytes).
    Removing emm_v5.o(i.Emm_V5_Modify_PDFlag), (40 bytes).
    Removing emm_v5.o(i.Emm_V5_Modify_PID_Params), (96 bytes).
    Removing emm_v5.o(i.Emm_V5_Modify_Pos_Window), (52 bytes).
    Removing emm_v5.o(i.Emm_V5_Modify_S_Vel), (48 bytes).
    Removing emm_v5.o(i.Emm_V5_Multi_Motor_Cmd), (124 bytes).
    Removing emm_v5.o(i.Emm_V5_Origin_Interrupt), (36 bytes).
    Removing emm_v5.o(i.Emm_V5_Origin_Modify_Params), (120 bytes).
    Removing emm_v5.o(i.Emm_V5_Origin_Read_Params), (32 bytes).
    Removing emm_v5.o(i.Emm_V5_Origin_Set_O), (44 bytes).
    Removing emm_v5.o(i.Emm_V5_Origin_Trigger_Return), (44 bytes).
    Removing emm_v5.o(i.Emm_V5_QPos_Control), (48 bytes).
    Removing emm_v5.o(i.Emm_V5_Read_DMX512_Params), (36 bytes).
    Removing emm_v5.o(i.Emm_V5_Read_Heart_Protect), (32 bytes).
    Removing emm_v5.o(i.Emm_V5_Read_Integral_Limit), (32 bytes).
    Removing emm_v5.o(i.Emm_V5_Read_Motor_Conf_Params), (36 bytes).
    Removing emm_v5.o(i.Emm_V5_Read_Opt_Param_Sta), (32 bytes).
    Removing emm_v5.o(i.Emm_V5_Read_Otocp), (32 bytes).
    Removing emm_v5.o(i.Emm_V5_Read_PID_Params), (32 bytes).
    Removing emm_v5.o(i.Emm_V5_Read_Pos_Window), (32 bytes).
    Removing emm_v5.o(i.Emm_V5_Read_Sys_Params), (288 bytes).
    Removing emm_v5.o(i.Emm_V5_Read_System_State_Params), (36 bytes).
    Removing emm_v5.o(i.Emm_V5_Reset_Clog_Pro), (36 bytes).
    Removing emm_v5.o(i.Emm_V5_Reset_CurPos_To_Zero), (36 bytes).
    Removing emm_v5.o(i.Emm_V5_Reset_Motor), (36 bytes).
    Removing emm_v5.o(i.Emm_V5_Restore_Motor), (36 bytes).
    Removing emm_v5.o(i.Emm_V5_Set_QPos_Params), (64 bytes).
    Removing emm_v5.o(i.Emm_V5_Stop_Now), (44 bytes).
    Removing emm_v5.o(i.Emm_V5_Synchronous_motion), (36 bytes).
    Removing emm_v5.o(i.Emm_V5_Trig_Encoder_Cal), (36 bytes).
    Removing emm_v5.o(i.Emm_V5_Vel_Control), (64 bytes).
    Removing emm_v5.o(i.X_V2_MMCL_Origin_Modify_SL_RP), (84 bytes).
    Removing emm_v5.o(i.X_V2_MMCL_Origin_Read_SL_RP), (72 bytes).
    Removing emm_v5.o(i.X_V2_Origin_Modify_SL_RP), (52 bytes).
    Removing emm_v5.o(i.X_V2_Origin_Read_SL_RP), (32 bytes).
    Removing emm_v5.o(.data), (2 bytes).
    Removing core_cm3.o(.emb_text), (32 bytes).
    Removing startup_stm32f10x_hd.o(HEAP), (512 bytes).
    Removing system_stm32f10x.o(i.SystemCoreClockUpdate), (164 bytes).
    Removing fifo.o(i.fifo_isEmpty), (28 bytes).
    Removing fifo.o(i.initQueue), (20 bytes).
    Removing delay.o(i.delay_cnt), (10 bytes).
    Removing stm32f10x_gpio.o(i.GPIO_AFIODeInit), (20 bytes).
    Removing stm32f10x_gpio.o(i.GPIO_DeInit), (200 bytes).
    Removing stm32f10x_gpio.o(i.GPIO_ETH_MediaInterfaceConfig), (12 bytes).
    Removing stm32f10x_gpio.o(i.GPIO_EXTILineConfig), (64 bytes).
    Removing stm32f10x_gpio.o(i.GPIO_EventOutputCmd), (12 bytes).
    Removing stm32f10x_gpio.o(i.GPIO_EventOutputConfig), (32 bytes).
    Removing stm32f10x_gpio.o(i.GPIO_PinLockConfig), (18 bytes).
    Removing stm32f10x_gpio.o(i.GPIO_ReadInputData), (8 bytes).
    Removing stm32f10x_gpio.o(i.GPIO_ReadInputDataBit), (18 bytes).
    Removing stm32f10x_gpio.o(i.GPIO_ReadOutputData), (8 bytes).
    Removing stm32f10x_gpio.o(i.GPIO_ReadOutputDataBit), (18 bytes).
    Removing stm32f10x_gpio.o(i.GPIO_ResetBits), (4 bytes).
    Removing stm32f10x_gpio.o(i.GPIO_SetBits), (4 bytes).
    Removing stm32f10x_gpio.o(i.GPIO_StructInit), (16 bytes).
    Removing stm32f10x_gpio.o(i.GPIO_Write), (4 bytes).
    Removing stm32f10x_gpio.o(i.GPIO_WriteBit), (10 bytes).
    Removing stm32f10x_rcc.o(i.RCC_ADCCLKConfig), (24 bytes).
    Removing stm32f10x_rcc.o(i.RCC_AHBPeriphClockCmd), (32 bytes).
    Removing stm32f10x_rcc.o(i.RCC_APB1PeriphClockCmd), (32 bytes).
    Removing stm32f10x_rcc.o(i.RCC_APB1PeriphResetCmd), (32 bytes).
    Removing stm32f10x_rcc.o(i.RCC_APB2PeriphResetCmd), (32 bytes).
    Removing stm32f10x_rcc.o(i.RCC_AdjustHSICalibrationValue), (24 bytes).
    Removing stm32f10x_rcc.o(i.RCC_BackupResetCmd), (12 bytes).
    Removing stm32f10x_rcc.o(i.RCC_ClearFlag), (20 bytes).
    Removing stm32f10x_rcc.o(i.RCC_ClearITPendingBit), (12 bytes).
    Removing stm32f10x_rcc.o(i.RCC_ClockSecuritySystemCmd), (12 bytes).
    Removing stm32f10x_rcc.o(i.RCC_DeInit), (76 bytes).
    Removing stm32f10x_rcc.o(i.RCC_GetFlagStatus), (60 bytes).
    Removing stm32f10x_rcc.o(i.RCC_GetITStatus), (24 bytes).
    Removing stm32f10x_rcc.o(i.RCC_GetSYSCLKSource), (16 bytes).
    Removing stm32f10x_rcc.o(i.RCC_HCLKConfig), (24 bytes).
    Removing stm32f10x_rcc.o(i.RCC_HSEConfig), (76 bytes).
    Removing stm32f10x_rcc.o(i.RCC_HSICmd), (12 bytes).
    Removing stm32f10x_rcc.o(i.RCC_ITConfig), (32 bytes).
    Removing stm32f10x_rcc.o(i.RCC_LSEConfig), (52 bytes).
    Removing stm32f10x_rcc.o(i.RCC_LSICmd), (12 bytes).
    Removing stm32f10x_rcc.o(i.RCC_MCOConfig), (12 bytes).
    Removing stm32f10x_rcc.o(i.RCC_PCLK1Config), (24 bytes).
    Removing stm32f10x_rcc.o(i.RCC_PCLK2Config), (24 bytes).
    Removing stm32f10x_rcc.o(i.RCC_PLLCmd), (12 bytes).
    Removing stm32f10x_rcc.o(i.RCC_PLLConfig), (28 bytes).
    Removing stm32f10x_rcc.o(i.RCC_RTCCLKCmd), (12 bytes).
    Removing stm32f10x_rcc.o(i.RCC_RTCCLKConfig), (16 bytes).
    Removing stm32f10x_rcc.o(i.RCC_SYSCLKConfig), (24 bytes).
    Removing stm32f10x_rcc.o(i.RCC_USBCLKConfig), (12 bytes).
    Removing stm32f10x_rcc.o(i.RCC_WaitForHSEStartUp), (56 bytes).
    Removing stm32f10x_usart.o(i.USART_ClearFlag), (18 bytes).
    Removing stm32f10x_usart.o(i.USART_ClockInit), (34 bytes).
    Removing stm32f10x_usart.o(i.USART_ClockStructInit), (12 bytes).
    Removing stm32f10x_usart.o(i.USART_DMACmd), (18 bytes).
    Removing stm32f10x_usart.o(i.USART_DeInit), (156 bytes).
    Removing stm32f10x_usart.o(i.USART_GetFlagStatus), (26 bytes).
    Removing stm32f10x_usart.o(i.USART_HalfDuplexCmd), (24 bytes).
    Removing stm32f10x_usart.o(i.USART_IrDACmd), (24 bytes).
    Removing stm32f10x_usart.o(i.USART_IrDAConfig), (18 bytes).
    Removing stm32f10x_usart.o(i.USART_LINBreakDetectLengthConfig), (18 bytes).
    Removing stm32f10x_usart.o(i.USART_LINCmd), (24 bytes).
    Removing stm32f10x_usart.o(i.USART_OneBitMethodCmd), (24 bytes).
    Removing stm32f10x_usart.o(i.USART_OverSampling8Cmd), (22 bytes).
    Removing stm32f10x_usart.o(i.USART_ReceiveData), (10 bytes).
    Removing stm32f10x_usart.o(i.USART_ReceiverWakeUpCmd), (24 bytes).
    Removing stm32f10x_usart.o(i.USART_SendBreak), (10 bytes).
    Removing stm32f10x_usart.o(i.USART_SendData), (8 bytes).
    Removing stm32f10x_usart.o(i.USART_SetAddress), (18 bytes).
    Removing stm32f10x_usart.o(i.USART_SetGuardTime), (16 bytes).
    Removing stm32f10x_usart.o(i.USART_SetPrescaler), (16 bytes).
    Removing stm32f10x_usart.o(i.USART_SmartCardCmd), (24 bytes).
    Removing stm32f10x_usart.o(i.USART_SmartCardNACKCmd), (24 bytes).
    Removing stm32f10x_usart.o(i.USART_StructInit), (24 bytes).
    Removing stm32f10x_usart.o(i.USART_WakeUpConfig), (18 bytes).
    Removing misc.o(i.NVIC_SetVectorTable), (20 bytes).
    Removing misc.o(i.NVIC_SystemLPConfig), (32 bytes).
    Removing misc.o(i.SysTick_CLKSourceConfig), (40 bytes).

147 unused section(s) (total 8150 bytes) removed from the image.

==============================================================================

Image Symbol Table

    Local Symbols

    Symbol Name                              Value     Ov Type        Size  Object(Section)

    ../clib/microlib/init/entry.s            0x00000000   Number         0  entry11b.o ABSOLUTE
    ../clib/microlib/init/entry.s            0x00000000   Number         0  entry5.o ABSOLUTE
    ../clib/microlib/init/entry.s            0x00000000   Number         0  entry11a.o ABSOLUTE
    ../clib/microlib/init/entry.s            0x00000000   Number         0  entry10b.o ABSOLUTE
    ../clib/microlib/init/entry.s            0x00000000   Number         0  entry.o ABSOLUTE
    ../clib/microlib/init/entry.s            0x00000000   Number         0  entry10a.o ABSOLUTE
    ../clib/microlib/init/entry.s            0x00000000   Number         0  entry9b.o ABSOLUTE
    ../clib/microlib/init/entry.s            0x00000000   Number         0  entry9a.o ABSOLUTE
    ../clib/microlib/init/entry.s            0x00000000   Number         0  entry8b.o ABSOLUTE
    ../clib/microlib/init/entry.s            0x00000000   Number         0  entry8a.o ABSOLUTE
    ../clib/microlib/init/entry.s            0x00000000   Number         0  entry7b.o ABSOLUTE
    ../clib/microlib/init/entry.s            0x00000000   Number         0  entry7a.o ABSOLUTE
    ../clib/microlib/init/entry.s            0x00000000   Number         0  entry2.o ABSOLUTE
    ../clib/microlib/string/memset.c         0x00000000   Number         0  memseta.o ABSOLUTE
    ..\APP\main.c                            0x00000000   Number         0  main.o ABSOLUTE
    ..\APP\stm32f10x_it.c                    0x00000000   Number         0  stm32f10x_it.o ABSOLUTE
    ..\BSP\Emm_V5.c                          0x00000000   Number         0  emm_v5.o ABSOLUTE
    ..\BSP\board.c                           0x00000000   Number         0  board.o ABSOLUTE
    ..\BSP\usart.c                           0x00000000   Number         0  usart.o ABSOLUTE
    ..\CMSIS\core_cm3.c                      0x00000000   Number         0  core_cm3.o ABSOLUTE
    ..\CMSIS\startup_stm32f10x_hd.s          0x00000000   Number         0  startup_stm32f10x_hd.o ABSOLUTE
    ..\CMSIS\system_stm32f10x.c              0x00000000   Number         0  system_stm32f10x.o ABSOLUTE
    ..\DRIVERS\delay.c                       0x00000000   Number         0  delay.o ABSOLUTE
    ..\DRIVERS\fifo.c                        0x00000000   Number         0  fifo.o ABSOLUTE
    ..\LIB\STM32F10x_StdPeriph_Lib_V3.5.0\src\misc.c 0x00000000   Number         0  misc.o ABSOLUTE
    ..\LIB\STM32F10x_StdPeriph_Lib_V3.5.0\src\stm32f10x_gpio.c 0x00000000   Number         0  stm32f10x_gpio.o ABSOLUTE
    ..\LIB\STM32F10x_StdPeriph_Lib_V3.5.0\src\stm32f10x_rcc.c 0x00000000   Number         0  stm32f10x_rcc.o ABSOLUTE
    ..\LIB\STM32F10x_StdPeriph_Lib_V3.5.0\src\stm32f10x_usart.c 0x00000000   Number         0  stm32f10x_usart.o ABSOLUTE
    ..\\CMSIS\\core_cm3.c                    0x00000000   Number         0  core_cm3.o ABSOLUTE
    dc.s                                     0x00000000   Number         0  dc.o ABSOLUTE
    handlers.s                               0x00000000   Number         0  handlers.o ABSOLUTE
    init.s                                   0x00000000   Number         0  init.o ABSOLUTE
    RESET                                    0x08000000   Section      304  startup_stm32f10x_hd.o(RESET)
    .ARM.Collect$$$$00000000                 0x08000130   Section        0  entry.o(.ARM.Collect$$$$00000000)
    .ARM.Collect$$$$00000001                 0x08000130   Section        4  entry2.o(.ARM.Collect$$$$00000001)
    .ARM.Collect$$$$00000004                 0x08000134   Section        4  entry5.o(.ARM.Collect$$$$00000004)
    .ARM.Collect$$$$00000008                 0x08000138   Section        0  entry7b.o(.ARM.Collect$$$$00000008)
    .ARM.Collect$$$$0000000A                 0x08000138   Section        0  entry8b.o(.ARM.Collect$$$$0000000A)
    .ARM.Collect$$$$0000000B                 0x08000138   Section        8  entry9a.o(.ARM.Collect$$$$0000000B)
    .ARM.Collect$$$$0000000D                 0x08000140   Section        0  entry10a.o(.ARM.Collect$$$$0000000D)
    .ARM.Collect$$$$0000000F                 0x08000140   Section        0  entry11a.o(.ARM.Collect$$$$0000000F)
    .ARM.Collect$$$$00002712                 0x08000140   Section        4  entry2.o(.ARM.Collect$$$$00002712)
    __lit__00000000                          0x08000140   Data           4  entry2.o(.ARM.Collect$$$$00002712)
    .text                                    0x08000144   Section       36  startup_stm32f10x_hd.o(.text)
    .text                                    0x08000168   Section       36  init.o(.text)
    i.BusFault_Handler                       0x0800018c   Section        0  stm32f10x_it.o(i.BusFault_Handler)
    i.DebugMon_Handler                       0x08000190   Section        0  stm32f10x_it.o(i.DebugMon_Handler)
    i.Emm_V5_Pos_Control                     0x08000194   Section        0  emm_v5.o(i.Emm_V5_Pos_Control)
    i.GPIO_Init                              0x080001ec   Section        0  stm32f10x_gpio.o(i.GPIO_Init)
    i.GPIO_PinRemapConfig                    0x08000304   Section        0  stm32f10x_gpio.o(i.GPIO_PinRemapConfig)
    i.HardFault_Handler                      0x08000394   Section        0  stm32f10x_it.o(i.HardFault_Handler)
    i.MemManage_Handler                      0x08000398   Section        0  stm32f10x_it.o(i.MemManage_Handler)
    i.NMI_Handler                            0x0800039c   Section        0  stm32f10x_it.o(i.NMI_Handler)
    i.NVIC_Init                              0x080003a0   Section        0  misc.o(i.NVIC_Init)
    i.NVIC_PriorityGroupConfig               0x08000410   Section        0  misc.o(i.NVIC_PriorityGroupConfig)
    i.PendSV_Handler                         0x08000424   Section        0  stm32f10x_it.o(i.PendSV_Handler)
    i.RCC_APB2PeriphClockCmd                 0x08000428   Section        0  stm32f10x_rcc.o(i.RCC_APB2PeriphClockCmd)
    i.RCC_GetClocksFreq                      0x08000448   Section        0  stm32f10x_rcc.o(i.RCC_GetClocksFreq)
    i.SVC_Handler                            0x0800051c   Section        0  stm32f10x_it.o(i.SVC_Handler)
    i.SetSysClock                            0x0800051e   Section        0  system_stm32f10x.o(i.SetSysClock)
    SetSysClock                              0x0800051f   Thumb Code     8  system_stm32f10x.o(i.SetSysClock)
    i.SetSysClockTo72                        0x08000528   Section        0  system_stm32f10x.o(i.SetSysClockTo72)
    SetSysClockTo72                          0x08000529   Thumb Code   214  system_stm32f10x.o(i.SetSysClockTo72)
    i.SysTick_Handler                        0x08000608   Section        0  stm32f10x_it.o(i.SysTick_Handler)
    i.SystemInit                             0x0800060c   Section        0  system_stm32f10x.o(i.SystemInit)
    i.USART1_IRQHandler                      0x0800066c   Section        0  usart.o(i.USART1_IRQHandler)
    i.USART_ClearITPendingBit                0x080006f4   Section        0  stm32f10x_usart.o(i.USART_ClearITPendingBit)
    i.USART_Cmd                              0x08000712   Section        0  stm32f10x_usart.o(i.USART_Cmd)
    i.USART_GetITStatus                      0x0800072a   Section        0  stm32f10x_usart.o(i.USART_GetITStatus)
    i.USART_ITConfig                         0x0800077e   Section        0  stm32f10x_usart.o(i.USART_ITConfig)
    i.USART_Init                             0x080007c8   Section        0  stm32f10x_usart.o(i.USART_Init)
    i.UsageFault_Handler                     0x080008a0   Section        0  stm32f10x_it.o(i.UsageFault_Handler)
    i.__scatterload_copy                     0x080008a4   Section       14  handlers.o(i.__scatterload_copy)
    i.__scatterload_null                     0x080008b2   Section        2  handlers.o(i.__scatterload_null)
    i.__scatterload_zeroinit                 0x080008b4   Section       14  handlers.o(i.__scatterload_zeroinit)
    i.board_init                             0x080008c2   Section        0  board.o(i.board_init)
    i.clock_init                             0x080008d4   Section        0  board.o(i.clock_init)
    i.delay_ms                               0x080008f4   Section        0  delay.o(i.delay_ms)
    i.fifo_deQueue                           0x08000954   Section        0  fifo.o(i.fifo_deQueue)
    i.fifo_enQueue                           0x08000984   Section        0  fifo.o(i.fifo_enQueue)
    i.fifo_queueLength                       0x080009b4   Section        0  fifo.o(i.fifo_queueLength)
    i.main                                   0x080009f0   Section        0  main.o(i.main)
    i.nvic_init                              0x08000a30   Section        0  board.o(i.nvic_init)
    i.usart_SendByte                         0x08000a58   Section        0  usart.o(i.usart_SendByte)
    i.usart_SendCmd                          0x08000a94   Section        0  usart.o(i.usart_SendCmd)
    i.usart_init                             0x08000ac0   Section        0  board.o(i.usart_init)
    .data                                    0x20000000   Section        2  usart.o(.data)
    .data                                    0x20000004   Section       20  system_stm32f10x.o(.data)
    .data                                    0x20000018   Section       20  stm32f10x_rcc.o(.data)
    APBAHBPrescTable                         0x20000018   Data          16  stm32f10x_rcc.o(.data)
    ADCPrescTable                            0x20000028   Data           4  stm32f10x_rcc.o(.data)
    .bss                                     0x2000002c   Section     2356  emm_v5.o(.bss)
    cmd                                      0x2000042c   Data          16  emm_v5.o(.bss)
    cmd                                      0x2000043c   Data          16  emm_v5.o(.bss)
    cmd                                      0x2000044c   Data          16  emm_v5.o(.bss)
    cmd                                      0x2000045c   Data          16  emm_v5.o(.bss)
    cmd                                      0x2000046c   Data          16  emm_v5.o(.bss)
    cmd                                      0x2000047c   Data         512  emm_v5.o(.bss)
    cmd                                      0x2000067c   Data          16  emm_v5.o(.bss)
    cmd                                      0x2000068c   Data          16  emm_v5.o(.bss)
    cmd                                      0x2000069c   Data          16  emm_v5.o(.bss)
    cmd                                      0x200006ac   Data          16  emm_v5.o(.bss)
    cmd                                      0x200006bc   Data          16  emm_v5.o(.bss)
    cmd                                      0x200006cc   Data          16  emm_v5.o(.bss)
    cmd                                      0x200006dc   Data          16  emm_v5.o(.bss)
    cmd                                      0x200006ec   Data          16  emm_v5.o(.bss)
    cmd                                      0x200006fc   Data          16  emm_v5.o(.bss)
    cmd                                      0x2000070c   Data          16  emm_v5.o(.bss)
    cmd                                      0x2000071c   Data          16  emm_v5.o(.bss)
    cmd                                      0x2000072c   Data          32  emm_v5.o(.bss)
    cmd                                      0x2000074c   Data          16  emm_v5.o(.bss)
    cmd                                      0x2000075c   Data          16  emm_v5.o(.bss)
    cmd                                      0x2000076c   Data          16  emm_v5.o(.bss)
    cmd                                      0x2000077c   Data          16  emm_v5.o(.bss)
    cmd                                      0x2000078c   Data          16  emm_v5.o(.bss)
    cmd                                      0x2000079c   Data          16  emm_v5.o(.bss)
    cmd                                      0x200007ac   Data          16  emm_v5.o(.bss)
    cmd                                      0x200007bc   Data          16  emm_v5.o(.bss)
    cmd                                      0x200007cc   Data          16  emm_v5.o(.bss)
    cmd                                      0x200007dc   Data          16  emm_v5.o(.bss)
    cmd                                      0x200007ec   Data          16  emm_v5.o(.bss)
    cmd                                      0x200007fc   Data          16  emm_v5.o(.bss)
    cmd                                      0x2000080c   Data          16  emm_v5.o(.bss)
    cmd                                      0x2000081c   Data          16  emm_v5.o(.bss)
    cmd                                      0x2000082c   Data          16  emm_v5.o(.bss)
    cmd                                      0x2000083c   Data          16  emm_v5.o(.bss)
    cmd                                      0x2000084c   Data          16  emm_v5.o(.bss)
    cmd                                      0x2000085c   Data          20  emm_v5.o(.bss)
    cmd                                      0x20000870   Data          16  emm_v5.o(.bss)
    cmd                                      0x20000880   Data          32  emm_v5.o(.bss)
    cmd                                      0x200008a0   Data          16  emm_v5.o(.bss)
    cmd                                      0x200008b0   Data          16  emm_v5.o(.bss)
    cmd                                      0x200008c0   Data          16  emm_v5.o(.bss)
    cmd                                      0x200008d0   Data          16  emm_v5.o(.bss)
    cmd                                      0x200008e0   Data          16  emm_v5.o(.bss)
    cmd                                      0x200008f0   Data          16  emm_v5.o(.bss)
    cmd                                      0x20000900   Data          16  emm_v5.o(.bss)
    cmd                                      0x20000910   Data          16  emm_v5.o(.bss)
    cmd                                      0x20000920   Data          16  emm_v5.o(.bss)
    cmd                                      0x20000930   Data          16  emm_v5.o(.bss)
    cmd                                      0x20000940   Data          16  emm_v5.o(.bss)
    cmd                                      0x20000950   Data          16  emm_v5.o(.bss)
    .bss                                     0x20000960   Section      128  usart.o(.bss)
    .bss                                     0x200009e0   Section      258  fifo.o(.bss)
    STACK                                    0x20000ae8   Section     2048  startup_stm32f10x_hd.o(STACK)

    Global Symbols

    Symbol Name                              Value     Ov Type        Size  Object(Section)

    BuildAttributes$$THM_ISAv4$P$D$K$B$S$PE$A:L22UL41UL21$X:L11$S22US41US21$IEEE1$IW$USESV6$~STKCKD$USESV7$~SHL$OSPACE$EBA8$MICROLIB$REQ8$PRES8$EABIv2 0x00000000   Number         0  anon$$obj.o ABSOLUTE
    __ARM_use_no_argv                        0x00000000   Number         0  main.o ABSOLUTE
    __cpp_initialize__aeabi_                  - Undefined Weak Reference
    __cxa_finalize                            - Undefined Weak Reference
    __decompress                              - Undefined Weak Reference
    _clock_init                               - Undefined Weak Reference
    _microlib_exit                            - Undefined Weak Reference
    __Vectors_Size                           0x00000130   Number         0  startup_stm32f10x_hd.o ABSOLUTE
    __Vectors                                0x08000000   Data           4  startup_stm32f10x_hd.o(RESET)
    __Vectors_End                            0x08000130   Data           0  startup_stm32f10x_hd.o(RESET)
    __main                                   0x08000131   Thumb Code     0  entry.o(.ARM.Collect$$$$00000000)
    _main_stk                                0x08000131   Thumb Code     0  entry2.o(.ARM.Collect$$$$00000001)
    _main_scatterload                        0x08000135   Thumb Code     0  entry5.o(.ARM.Collect$$$$00000004)
    __main_after_scatterload                 0x08000139   Thumb Code     0  entry5.o(.ARM.Collect$$$$00000004)
    _main_clock                              0x08000139   Thumb Code     0  entry7b.o(.ARM.Collect$$$$00000008)
    _main_cpp_init                           0x08000139   Thumb Code     0  entry8b.o(.ARM.Collect$$$$0000000A)
    _main_init                               0x08000139   Thumb Code     0  entry9a.o(.ARM.Collect$$$$0000000B)
    __rt_final_cpp                           0x08000141   Thumb Code     0  entry10a.o(.ARM.Collect$$$$0000000D)
    __rt_final_exit                          0x08000141   Thumb Code     0  entry11a.o(.ARM.Collect$$$$0000000F)
    Reset_Handler                            0x08000145   Thumb Code     8  startup_stm32f10x_hd.o(.text)
    ADC1_2_IRQHandler                        0x0800015f   Thumb Code     0  startup_stm32f10x_hd.o(.text)
    ADC3_IRQHandler                          0x0800015f   Thumb Code     0  startup_stm32f10x_hd.o(.text)
    CAN1_RX1_IRQHandler                      0x0800015f   Thumb Code     0  startup_stm32f10x_hd.o(.text)
    CAN1_SCE_IRQHandler                      0x0800015f   Thumb Code     0  startup_stm32f10x_hd.o(.text)
    DMA1_Channel1_IRQHandler                 0x0800015f   Thumb Code     0  startup_stm32f10x_hd.o(.text)
    DMA1_Channel2_IRQHandler                 0x0800015f   Thumb Code     0  startup_stm32f10x_hd.o(.text)
    DMA1_Channel3_IRQHandler                 0x0800015f   Thumb Code     0  startup_stm32f10x_hd.o(.text)
    DMA1_Channel4_IRQHandler                 0x0800015f   Thumb Code     0  startup_stm32f10x_hd.o(.text)
    DMA1_Channel5_IRQHandler                 0x0800015f   Thumb Code     0  startup_stm32f10x_hd.o(.text)
    DMA1_Channel6_IRQHandler                 0x0800015f   Thumb Code     0  startup_stm32f10x_hd.o(.text)
    DMA1_Channel7_IRQHandler                 0x0800015f   Thumb Code     0  startup_stm32f10x_hd.o(.text)
    DMA2_Channel1_IRQHandler                 0x0800015f   Thumb Code     0  startup_stm32f10x_hd.o(.text)
    DMA2_Channel2_IRQHandler                 0x0800015f   Thumb Code     0  startup_stm32f10x_hd.o(.text)
    DMA2_Channel3_IRQHandler                 0x0800015f   Thumb Code     0  startup_stm32f10x_hd.o(.text)
    DMA2_Channel4_5_IRQHandler               0x0800015f   Thumb Code     0  startup_stm32f10x_hd.o(.text)
    EXTI0_IRQHandler                         0x0800015f   Thumb Code     0  startup_stm32f10x_hd.o(.text)
    EXTI15_10_IRQHandler                     0x0800015f   Thumb Code     0  startup_stm32f10x_hd.o(.text)
    EXTI1_IRQHandler                         0x0800015f   Thumb Code     0  startup_stm32f10x_hd.o(.text)
    EXTI2_IRQHandler                         0x0800015f   Thumb Code     0  startup_stm32f10x_hd.o(.text)
    EXTI3_IRQHandler                         0x0800015f   Thumb Code     0  startup_stm32f10x_hd.o(.text)
    EXTI4_IRQHandler                         0x0800015f   Thumb Code     0  startup_stm32f10x_hd.o(.text)
    EXTI9_5_IRQHandler                       0x0800015f   Thumb Code     0  startup_stm32f10x_hd.o(.text)
    FLASH_IRQHandler                         0x0800015f   Thumb Code     0  startup_stm32f10x_hd.o(.text)
    FSMC_IRQHandler                          0x0800015f   Thumb Code     0  startup_stm32f10x_hd.o(.text)
    I2C1_ER_IRQHandler                       0x0800015f   Thumb Code     0  startup_stm32f10x_hd.o(.text)
    I2C1_EV_IRQHandler                       0x0800015f   Thumb Code     0  startup_stm32f10x_hd.o(.text)
    I2C2_ER_IRQHandler                       0x0800015f   Thumb Code     0  startup_stm32f10x_hd.o(.text)
    I2C2_EV_IRQHandler                       0x0800015f   Thumb Code     0  startup_stm32f10x_hd.o(.text)
    PVD_IRQHandler                           0x0800015f   Thumb Code     0  startup_stm32f10x_hd.o(.text)
    RCC_IRQHandler                           0x0800015f   Thumb Code     0  startup_stm32f10x_hd.o(.text)
    RTCAlarm_IRQHandler                      0x0800015f   Thumb Code     0  startup_stm32f10x_hd.o(.text)
    RTC_IRQHandler                           0x0800015f   Thumb Code     0  startup_stm32f10x_hd.o(.text)
    SDIO_IRQHandler                          0x0800015f   Thumb Code     0  startup_stm32f10x_hd.o(.text)
    SPI1_IRQHandler                          0x0800015f   Thumb Code     0  startup_stm32f10x_hd.o(.text)
    SPI2_IRQHandler                          0x0800015f   Thumb Code     0  startup_stm32f10x_hd.o(.text)
    SPI3_IRQHandler                          0x0800015f   Thumb Code     0  startup_stm32f10x_hd.o(.text)
    TAMPER_IRQHandler                        0x0800015f   Thumb Code     0  startup_stm32f10x_hd.o(.text)
    TIM1_BRK_IRQHandler                      0x0800015f   Thumb Code     0  startup_stm32f10x_hd.o(.text)
    TIM1_CC_IRQHandler                       0x0800015f   Thumb Code     0  startup_stm32f10x_hd.o(.text)
    TIM1_TRG_COM_IRQHandler                  0x0800015f   Thumb Code     0  startup_stm32f10x_hd.o(.text)
    TIM1_UP_IRQHandler                       0x0800015f   Thumb Code     0  startup_stm32f10x_hd.o(.text)
    TIM2_IRQHandler                          0x0800015f   Thumb Code     0  startup_stm32f10x_hd.o(.text)
    TIM3_IRQHandler                          0x0800015f   Thumb Code     0  startup_stm32f10x_hd.o(.text)
    TIM4_IRQHandler                          0x0800015f   Thumb Code     0  startup_stm32f10x_hd.o(.text)
    TIM5_IRQHandler                          0x0800015f   Thumb Code     0  startup_stm32f10x_hd.o(.text)
    TIM6_IRQHandler                          0x0800015f   Thumb Code     0  startup_stm32f10x_hd.o(.text)
    TIM7_IRQHandler                          0x0800015f   Thumb Code     0  startup_stm32f10x_hd.o(.text)
    TIM8_BRK_IRQHandler                      0x0800015f   Thumb Code     0  startup_stm32f10x_hd.o(.text)
    TIM8_CC_IRQHandler                       0x0800015f   Thumb Code     0  startup_stm32f10x_hd.o(.text)
    TIM8_TRG_COM_IRQHandler                  0x0800015f   Thumb Code     0  startup_stm32f10x_hd.o(.text)
    TIM8_UP_IRQHandler                       0x0800015f   Thumb Code     0  startup_stm32f10x_hd.o(.text)
    UART4_IRQHandler                         0x0800015f   Thumb Code     0  startup_stm32f10x_hd.o(.text)
    UART5_IRQHandler                         0x0800015f   Thumb Code     0  startup_stm32f10x_hd.o(.text)
    USART2_IRQHandler                        0x0800015f   Thumb Code     0  startup_stm32f10x_hd.o(.text)
    USART3_IRQHandler                        0x0800015f   Thumb Code     0  startup_stm32f10x_hd.o(.text)
    USBWakeUp_IRQHandler                     0x0800015f   Thumb Code     0  startup_stm32f10x_hd.o(.text)
    USB_HP_CAN1_TX_IRQHandler                0x0800015f   Thumb Code     0  startup_stm32f10x_hd.o(.text)
    USB_LP_CAN1_RX0_IRQHandler               0x0800015f   Thumb Code     0  startup_stm32f10x_hd.o(.text)
    WWDG_IRQHandler                          0x0800015f   Thumb Code     0  startup_stm32f10x_hd.o(.text)
    __scatterload                            0x08000169   Thumb Code    28  init.o(.text)
    __scatterload_rt2                        0x08000169   Thumb Code     0  init.o(.text)
    BusFault_Handler                         0x0800018d   Thumb Code     4  stm32f10x_it.o(i.BusFault_Handler)
    DebugMon_Handler                         0x08000191   Thumb Code     2  stm32f10x_it.o(i.DebugMon_Handler)
    Emm_V5_Pos_Control                       0x08000195   Thumb Code    84  emm_v5.o(i.Emm_V5_Pos_Control)
    GPIO_Init                                0x080001ed   Thumb Code   278  stm32f10x_gpio.o(i.GPIO_Init)
    GPIO_PinRemapConfig                      0x08000305   Thumb Code   138  stm32f10x_gpio.o(i.GPIO_PinRemapConfig)
    HardFault_Handler                        0x08000395   Thumb Code     4  stm32f10x_it.o(i.HardFault_Handler)
    MemManage_Handler                        0x08000399   Thumb Code     4  stm32f10x_it.o(i.MemManage_Handler)
    NMI_Handler                              0x0800039d   Thumb Code     2  stm32f10x_it.o(i.NMI_Handler)
    NVIC_Init                                0x080003a1   Thumb Code   100  misc.o(i.NVIC_Init)
    NVIC_PriorityGroupConfig                 0x08000411   Thumb Code    10  misc.o(i.NVIC_PriorityGroupConfig)
    PendSV_Handler                           0x08000425   Thumb Code     2  stm32f10x_it.o(i.PendSV_Handler)
    RCC_APB2PeriphClockCmd                   0x08000429   Thumb Code    26  stm32f10x_rcc.o(i.RCC_APB2PeriphClockCmd)
    RCC_GetClocksFreq                        0x08000449   Thumb Code   192  stm32f10x_rcc.o(i.RCC_GetClocksFreq)
    SVC_Handler                              0x0800051d   Thumb Code     2  stm32f10x_it.o(i.SVC_Handler)
    SysTick_Handler                          0x08000609   Thumb Code     2  stm32f10x_it.o(i.SysTick_Handler)
    SystemInit                               0x0800060d   Thumb Code    78  system_stm32f10x.o(i.SystemInit)
    USART1_IRQHandler                        0x0800066d   Thumb Code   120  usart.o(i.USART1_IRQHandler)
    USART_ClearITPendingBit                  0x080006f5   Thumb Code    30  stm32f10x_usart.o(i.USART_ClearITPendingBit)
    USART_Cmd                                0x08000713   Thumb Code    24  stm32f10x_usart.o(i.USART_Cmd)
    USART_GetITStatus                        0x0800072b   Thumb Code    84  stm32f10x_usart.o(i.USART_GetITStatus)
    USART_ITConfig                           0x0800077f   Thumb Code    74  stm32f10x_usart.o(i.USART_ITConfig)
    USART_Init                               0x080007c9   Thumb Code   210  stm32f10x_usart.o(i.USART_Init)
    UsageFault_Handler                       0x080008a1   Thumb Code     4  stm32f10x_it.o(i.UsageFault_Handler)
    __scatterload_copy                       0x080008a5   Thumb Code    14  handlers.o(i.__scatterload_copy)
    __scatterload_null                       0x080008b3   Thumb Code     2  handlers.o(i.__scatterload_null)
    __scatterload_zeroinit                   0x080008b5   Thumb Code    14  handlers.o(i.__scatterload_zeroinit)
    board_init                               0x080008c3   Thumb Code    16  board.o(i.board_init)
    clock_init                               0x080008d5   Thumb Code    28  board.o(i.clock_init)
    delay_ms                                 0x080008f5   Thumb Code    90  delay.o(i.delay_ms)
    fifo_deQueue                             0x08000955   Thumb Code    44  fifo.o(i.fifo_deQueue)
    fifo_enQueue                             0x08000985   Thumb Code    42  fifo.o(i.fifo_enQueue)
    fifo_queueLength                         0x080009b5   Thumb Code    56  fifo.o(i.fifo_queueLength)
    main                                     0x080009f1   Thumb Code    60  main.o(i.main)
    nvic_init                                0x08000a31   Thumb Code    40  board.o(i.nvic_init)
    usart_SendByte                           0x08000a59   Thumb Code    56  usart.o(i.usart_SendByte)
    usart_SendCmd                            0x08000a95   Thumb Code    44  usart.o(i.usart_SendCmd)
    usart_init                               0x08000ac1   Thumb Code   148  board.o(i.usart_init)
    Region$$Table$$Base                      0x08000b5c   Number         0  anon$$obj.o(Region$$Table)
    Region$$Table$$Limit                     0x08000b7c   Number         0  anon$$obj.o(Region$$Table)
    rxFrameFlag                              0x20000000   Data           1  usart.o(.data)
    rxCount                                  0x20000001   Data           1  usart.o(.data)
    SystemCoreClock                          0x20000004   Data           4  system_stm32f10x.o(.data)
    AHBPrescTable                            0x20000008   Data          16  system_stm32f10x.o(.data)
    MMCL_cmd                                 0x2000002c   Data        1024  emm_v5.o(.bss)
    rxCmd                                    0x20000960   Data         128  usart.o(.bss)
    rxFIFO                                   0x200009e0   Data         258  fifo.o(.bss)
    __initial_sp                             0x200012e8   Data           0  startup_stm32f10x_hd.o(STACK)



==============================================================================

Memory Map of the image

  Image Entry point : 0x08000131

  Load Region LR_IROM1 (Base: 0x08000000, Size: 0x00000ba8, Max: 0x00010000, ABSOLUTE)

    Execution Region ER_IROM1 (Exec base: 0x08000000, Load base: 0x08000000, Size: 0x00000b7c, Max: 0x00010000, ABSOLUTE)

    Exec Addr    Load Addr    Size         Type   Attr      Idx    E Section Name        Object

    0x08000000   0x08000000   0x00000130   Data   RO          623    RESET               startup_stm32f10x_hd.o
    0x08000130   0x08000130   0x00000000   Code   RO         1252  * .ARM.Collect$$$$00000000  mc_w.l(entry.o)
    0x08000130   0x08000130   0x00000004   Code   RO         1257    .ARM.Collect$$$$00000001  mc_w.l(entry2.o)
    0x08000134   0x08000134   0x00000004   Code   RO         1260    .ARM.Collect$$$$00000004  mc_w.l(entry5.o)
    0x08000138   0x08000138   0x00000000   Code   RO         1262    .ARM.Collect$$$$00000008  mc_w.l(entry7b.o)
    0x08000138   0x08000138   0x00000000   Code   RO         1264    .ARM.Collect$$$$0000000A  mc_w.l(entry8b.o)
    0x08000138   0x08000138   0x00000008   Code   RO         1265    .ARM.Collect$$$$0000000B  mc_w.l(entry9a.o)
    0x08000140   0x08000140   0x00000000   Code   RO         1267    .ARM.Collect$$$$0000000D  mc_w.l(entry10a.o)
    0x08000140   0x08000140   0x00000000   Code   RO         1269    .ARM.Collect$$$$0000000F  mc_w.l(entry11a.o)
    0x08000140   0x08000140   0x00000004   Code   RO         1258    .ARM.Collect$$$$00002712  mc_w.l(entry2.o)
    0x08000144   0x08000144   0x00000024   Code   RO          624    .text               startup_stm32f10x_hd.o
    0x08000168   0x08000168   0x00000024   Code   RO         1271    .text               mc_w.l(init.o)
    0x0800018c   0x0800018c   0x00000004   Code   RO           65    i.BusFault_Handler  stm32f10x_it.o
    0x08000190   0x08000190   0x00000002   Code   RO           66    i.DebugMon_Handler  stm32f10x_it.o
    0x08000192   0x08000192   0x00000002   PAD
    0x08000194   0x08000194   0x00000058   Code   RO          171    i.Emm_V5_Pos_Control  emm_v5.o
    0x080001ec   0x080001ec   0x00000116   Code   RO          728    i.GPIO_Init         stm32f10x_gpio.o
    0x08000302   0x08000302   0x00000002   PAD
    0x08000304   0x08000304   0x00000090   Code   RO          730    i.GPIO_PinRemapConfig  stm32f10x_gpio.o
    0x08000394   0x08000394   0x00000004   Code   RO           67    i.HardFault_Handler  stm32f10x_it.o
    0x08000398   0x08000398   0x00000004   Code   RO           68    i.MemManage_Handler  stm32f10x_it.o
    0x0800039c   0x0800039c   0x00000002   Code   RO           69    i.NMI_Handler       stm32f10x_it.o
    0x0800039e   0x0800039e   0x00000002   PAD
    0x080003a0   0x080003a0   0x00000070   Code   RO         1216    i.NVIC_Init         misc.o
    0x08000410   0x08000410   0x00000014   Code   RO         1217    i.NVIC_PriorityGroupConfig  misc.o
    0x08000424   0x08000424   0x00000002   Code   RO           70    i.PendSV_Handler    stm32f10x_it.o
    0x08000426   0x08000426   0x00000002   PAD
    0x08000428   0x08000428   0x00000020   Code   RO          840    i.RCC_APB2PeriphClockCmd  stm32f10x_rcc.o
    0x08000448   0x08000448   0x000000d4   Code   RO          848    i.RCC_GetClocksFreq  stm32f10x_rcc.o
    0x0800051c   0x0800051c   0x00000002   Code   RO           71    i.SVC_Handler       stm32f10x_it.o
    0x0800051e   0x0800051e   0x00000008   Code   RO          628    i.SetSysClock       system_stm32f10x.o
    0x08000526   0x08000526   0x00000002   PAD
    0x08000528   0x08000528   0x000000e0   Code   RO          629    i.SetSysClockTo72   system_stm32f10x.o
    0x08000608   0x08000608   0x00000002   Code   RO           72    i.SysTick_Handler   stm32f10x_it.o
    0x0800060a   0x0800060a   0x00000002   PAD
    0x0800060c   0x0800060c   0x00000060   Code   RO          631    i.SystemInit        system_stm32f10x.o
    0x0800066c   0x0800066c   0x00000088   Code   RO          549    i.USART1_IRQHandler  usart.o
    0x080006f4   0x080006f4   0x0000001e   Code   RO         1037    i.USART_ClearITPendingBit  stm32f10x_usart.o
    0x08000712   0x08000712   0x00000018   Code   RO         1040    i.USART_Cmd         stm32f10x_usart.o
    0x0800072a   0x0800072a   0x00000054   Code   RO         1044    i.USART_GetITStatus  stm32f10x_usart.o
    0x0800077e   0x0800077e   0x0000004a   Code   RO         1046    i.USART_ITConfig    stm32f10x_usart.o
    0x080007c8   0x080007c8   0x000000d8   Code   RO         1047    i.USART_Init        stm32f10x_usart.o
    0x080008a0   0x080008a0   0x00000004   Code   RO           73    i.UsageFault_Handler  stm32f10x_it.o
    0x080008a4   0x080008a4   0x0000000e   Code   RO         1275    i.__scatterload_copy  mc_w.l(handlers.o)
    0x080008b2   0x080008b2   0x00000002   Code   RO         1276    i.__scatterload_null  mc_w.l(handlers.o)
    0x080008b4   0x080008b4   0x0000000e   Code   RO         1277    i.__scatterload_zeroinit  mc_w.l(handlers.o)
    0x080008c2   0x080008c2   0x00000010   Code   RO          580    i.board_init        board.o
    0x080008d2   0x080008d2   0x00000002   PAD
    0x080008d4   0x080008d4   0x00000020   Code   RO          581    i.clock_init        board.o
    0x080008f4   0x080008f4   0x00000060   Code   RO          705    i.delay_ms          delay.o
    0x08000954   0x08000954   0x00000030   Code   RO          662    i.fifo_deQueue      fifo.o
    0x08000984   0x08000984   0x00000030   Code   RO          663    i.fifo_enQueue      fifo.o
    0x080009b4   0x080009b4   0x0000003c   Code   RO          665    i.fifo_queueLength  fifo.o
    0x080009f0   0x080009f0   0x00000040   Code   RO            1    i.main              main.o
    0x08000a30   0x08000a30   0x00000028   Code   RO          582    i.nvic_init         board.o
    0x08000a58   0x08000a58   0x0000003c   Code   RO          550    i.usart_SendByte    usart.o
    0x08000a94   0x08000a94   0x0000002c   Code   RO          551    i.usart_SendCmd     usart.o
    0x08000ac0   0x08000ac0   0x0000009c   Code   RO          583    i.usart_init        board.o
    0x08000b5c   0x08000b5c   0x00000020   Data   RO         1273    Region$$Table       anon$$obj.o


    Execution Region RW_IRAM1 (Exec base: 0x20000000, Load base: 0x08000b7c, Size: 0x000012e8, Max: 0x00005000, ABSOLUTE)

    Exec Addr    Load Addr    Size         Type   Attr      Idx    E Section Name        Object

    0x20000000   0x08000b7c   0x00000002   Data   RW          553    .data               usart.o
    0x20000002   0x08000b7e   0x00000002   PAD
    0x20000004   0x08000b80   0x00000014   Data   RW          632    .data               system_stm32f10x.o
    0x20000018   0x08000b94   0x00000014   Data   RW          868    .data               stm32f10x_rcc.o
    0x2000002c        -       0x00000934   Zero   RW          196    .bss                emm_v5.o
    0x20000960        -       0x00000080   Zero   RW          552    .bss                usart.o
    0x200009e0        -       0x00000102   Zero   RW          667    .bss                fifo.o
    0x20000ae2   0x08000ba8   0x00000006   PAD
    0x20000ae8        -       0x00000800   Zero   RW          621    STACK               startup_stm32f10x_hd.o


==============================================================================

Image component sizes


      Code (inc. data)   RO Data    RW Data    ZI Data      Debug   Object Name

       244         12          0          0          0       2111   board.o
         0          0          0          0          0         32   core_cm3.o
        96          6          0          0          0        899   delay.o
        88          4          0          0       2356      31887   emm_v5.o
       156         14          0          0        258       2558   fifo.o
        64          4          0          0          0     231975   main.o
       132         22          0          0          0       1787   misc.o
        36          8        304          0       2048        828   startup_stm32f10x_hd.o
       422          6          0          0          0       3050   stm32f10x_gpio.o
        26          0          0          0          0       4210   stm32f10x_it.o
       244         26          0         20          0       4177   stm32f10x_rcc.o
       428          6          0          0          0       5572   stm32f10x_usart.o
       328         28          0         20          0       2381   system_stm32f10x.o
       240         20          0          2        128       2417   usart.o

    ----------------------------------------------------------------------
      2518        156        336         44       4796     293884   Object Totals
         0          0         32          0          0          0   (incl. Generated)
        14          0          0          2          6          0   (incl. Padding)

    ----------------------------------------------------------------------

      Code (inc. data)   RO Data    RW Data    ZI Data      Debug   Library Member Name

         0          0          0          0          0          0   entry.o
         0          0          0          0          0          0   entry10a.o
         0          0          0          0          0          0   entry11a.o
         8          4          0          0          0          0   entry2.o
         4          0          0          0          0          0   entry5.o
         0          0          0          0          0          0   entry7b.o
         0          0          0          0          0          0   entry8b.o
         8          4          0          0          0          0   entry9a.o
        30          0          0          0          0          0   handlers.o
        36          8          0          0          0         68   init.o

    ----------------------------------------------------------------------
        86         16          0          0          0         68   Library Totals
         0          0          0          0          0          0   (incl. Padding)

    ----------------------------------------------------------------------

      Code (inc. data)   RO Data    RW Data    ZI Data      Debug   Library Name

        86         16          0          0          0         68   mc_w.l

    ----------------------------------------------------------------------
        86         16          0          0          0         68   Library Totals

    ----------------------------------------------------------------------

==============================================================================


      Code (inc. data)   RO Data    RW Data    ZI Data      Debug   

      2604        172        336         44       4796     292440   Grand Totals
      2604        172        336         44       4796     292440   ELF Image Totals
      2604        172        336         44          0          0   ROM Totals

==============================================================================

    Total RO  Size (Code + RO Data)                 2940 (   2.87kB)
    Total RW  Size (RW Data + ZI Data)              4840 (   4.73kB)
    Total ROM Size (Code + RO Data + RW Data)       2984 (   2.91kB)

==============================================================================

